// Jest Snapshot v1, https://goo.gl/fbAQLP

exports[`AllCentersPage should match the snapshot 1`] = `ShallowWrapper {}`;
